// Jest Snapshot v1, https://goo.gl/fbAQLP

exports[`Deliver Component should render 1`] = `
<div
  className="deliverTo"
>
  <div
    className="delivery"
    onClick={[Function]}
    style={
      Object {
        "display": "none",
      }
    }
  >
    <div
      className="delivery-header"
    >
      <span
        className="chooseLocation"
      >
        <h3>
          Choose your location
        </h3>
      </span>
    </div>
    <div
      className="delivery-content"
    >
      <span>
        Delivery options and delivery speeds may vary for different locations
      </span>
      <div
        className="delivery-content-orangebox"
      >
        <span>
          <span
            className="myName"
          >
            christopher tso- chicago
             
            - 60632
          </span>
          <br />
          <div
            className="address"
          >
            <span>
              Default address
            </span>
          </div>
        </span>
      </div>
      <span
        className="addressBook"
      >
        Manage address book
      </span>
      <br />
      <p
        className="UsZip"
      >
        or enter a US zip code
      </p>
      <input
        className="textInput"
        type="text"
      />
       
      <input
        className="textSubmit"
        type="submit"
        value="Apply"
      />
      <p
        className="or"
      >
        or
      </p>
      <select
        className="options"
      >
        <option>
          Ship outside the US
        </option>
      </select>
    </div>
    <div
      className="delivery-footer"
    >
      <button
        className="done"
        type="button"
      >
        Done
      </button>
    </div>
  </div>
  <div
    className="deliverToZipCode"
  >
    <div
      className="locator"
    >
      <img
        alt="locator"
        className="locatorimage"
        src="https://s3.us-east-2.amazonaws.com/chrisfakephotos/Location.png"
      />
    </div>
    <div
      className="zipCodeText"
    >
      <span
        className="zipCode"
        onClick={[Function]}
      >
         
        Deliver to Chicago 60632
      </span>
    </div>
  </div>
</div>
`;
